// Jest Snapshot v1, https://goo.gl/fbAQLP

exports[`MainContainer should match the snapshot 1`] = `
<main
  className="MainContainer"
>
  <ButtonContainer
    setCardData={[Function]}
  />
</main>
`;
