// Jest Snapshot v1, https://goo.gl/fbAQLP

exports[`App should render correctly 1`] = `
<div
  className="App"
>
  <header
    className="App-header"
  >
    <h1>
      STAR WARS
    </h1>
    <RandomCrawl />
  </header>
  <MainContainer />
</div>
`;
