// Jest Snapshot v1, https://goo.gl/fbAQLP

exports[`CardHolder should match snapshot 1`] = `
<section
  className="CardHolder"
>
  <Card
    category="people"
    data={
      Object {
        "birth_year": "19BBY",
        "created": "2014-12-09T13:50:51.644000Z",
        "edited": "2014-12-20T21:17:56.891000Z",
        "eye_color": "blue",
        "films": Array [
          "https://swapi.co/api/films/2/",
          "https://swapi.co/api/films/6/",
          "https://swapi.co/api/films/3/",
          "https://swapi.co/api/films/1/",
          "https://swapi.co/api/films/7/",
        ],
        "gender": "male",
        "hair_color": "blond",
        "height": "172",
        "homeworld": "https://swapi.co/api/planets/1/",
        "mass": "77",
        "name": "Luke Skywalker",
        "skin_color": "fair",
        "species": Array [
          "https://swapi.co/api/species/1/",
        ],
        "starships": Array [
          "https://swapi.co/api/starships/12/",
          "https://swapi.co/api/starships/22/",
        ],
        "url": "https://swapi.co/api/people/1/",
        "vehicles": Array [
          "https://swapi.co/api/vehicles/14/",
          "https://swapi.co/api/vehicles/30/",
        ],
      }
    }
    key="2014-12-09T13:50:51.644000Z"
  />
  <Card
    category="people"
    data={
      Object {
        "birth_year": "112BBY",
        "created": "2014-12-10T15:10:51.357000Z",
        "edited": "2014-12-20T21:17:50.309000Z",
        "eye_color": "yellow",
        "films": Array [
          "https://swapi.co/api/films/2/",
          "https://swapi.co/api/films/5/",
          "https://swapi.co/api/films/4/",
          "https://swapi.co/api/films/6/",
          "https://swapi.co/api/films/3/",
          "https://swapi.co/api/films/1/",
        ],
        "gender": "n/a",
        "hair_color": "n/a",
        "height": "167",
        "homeworld": "https://swapi.co/api/planets/1/",
        "mass": "75",
        "name": "C-3PO",
        "skin_color": "gold",
        "species": Array [
          "https://swapi.co/api/species/2/",
        ],
        "starships": Array [],
        "url": "https://swapi.co/api/people/2/",
        "vehicles": Array [],
      }
    }
    key="2014-12-10T15:10:51.357000Z"
  />
</section>
`;
